// Jest Snapshot v1, https://goo.gl/fbAQLP

exports[`Es hora de las instantaneas Siempre fallara la instantanea 1`] = `
Object {
  "createAt": 2021-01-23T22:12:07.107Z,
  "id": 9,
}
`;

exports[`Es hora de las instantaneas Snapshot 1`] = `
Object {
  "gender": "Male",
  "id": 1,
  "name": "Rick Sanchez",
  "species": "Human",
  "status": "Alive",
}
`;

exports[`Es hora de las instantaneas Tenemos una excepción dentro del código 1`] = `
Object {
  "id": Any<Number>,
  "name": "Aarón Guerra",
}
`;
